// Vitest Snapshot v1, https://vitest.dev/guide/snapshot.html

exports[`BaseModalVue > should render properly 1`] = `
"<!--teleport start-->
<!--teleport end-->"
`;
