// Vitest Snapshot v1, https://vitest.dev/guide/snapshot.html

exports[`BaseCardError > should render properly 1`] = `"<basecard bg-color="bg-red-300 dark:bg-red-500 dark:text-white">Error</basecard>"`;
