// Jest Snapshot v1, https://goo.gl/fbAQLP

exports[`CardDefaultVue should render properly 1`] = `"<div class="lg:w-96 w-full sm:h-64 md:h-auto flex flex-col sm:flex-row p-2 sm:p-4 rounded-2xl shadow-lg gap-5 select-none dark:bg-gray-800 bg-white dark:bg-gray-800 dark:text-white"></div>"`;
