// Vitest Snapshot v1, https://vitest.dev/guide/snapshot.html

exports[`CardErrorVue > should render properly 1`] = `"<div class=\\"lg:w-96 w-full sm:h-64 md:h-auto flex flex-col sm:flex-row p-2 sm:p-4 rounded-2xl shadow-lg gap-5 select-none dark:bg-gray-800 bg-red-300 dark:bg-red-500 dark:text-white\\">Error</div>"`;
