// Jest Snapshot v1, https://goo.gl/fbAQLP

exports[`BaseInputVue should render properly 1`] = `
"<label>Type Here</label>
<input class="shadow appearance-none border rounded w-full py-2 px-3 text-gray-700 leading-tight focus:outline-none focus:shadow-outline disabled:outline-none disabled:shadow-outline" type="text">"
`;
